// Jest Snapshot v1, https://goo.gl/fbAQLP

exports[`Test GifItem component debe hacer match con el snapshot 1`] = `
<div>
  <div
    class="card"
  >
    <img
      alt="Gif image"
      src="https://gif-any-url.gif/"
    />
    <p>
      Gif image
    </p>
  </div>
</div>
`;
